Макияж, блестки, тени - прекрасный вариант для "выхода"\2500